29063 restart_syscall(<... resuming interrupted restart_syscall ...> <unfinished ...>
472   restart_syscall(<... resuming interrupted restart_syscall ...> <unfinished ...>
30521 futex(0x7ff12800ccc0, FUTEX_WAIT_BITSET_PRIVATE|FUTEX_CLOCK_REALTIME, 0, NULL, ffffffff <unfinished ...>
30520 futex(0x7ff1280029e0, FUTEX_WAIT_BITSET_PRIVATE|FUTEX_CLOCK_REALTIME, 0, NULL, ffffffff <unfinished ...>
29500 read(23,  <unfinished ...>
29397 futex(0x29db010, FUTEX_WAIT_BITSET_PRIVATE|FUTEX_CLOCK_REALTIME, 0, NULL, ffffffff <unfinished ...>
29396 futex(0x29cb7d0, FUTEX_WAIT_BITSET_PRIVATE|FUTEX_CLOCK_REALTIME, 0, NULL, ffffffff <unfinished ...>
29395 restart_syscall(<... resuming interrupted restart_syscall ...> <unfinished ...>
29394 restart_syscall(<... resuming interrupted nanosleep ...> <unfinished ...>
29393 restart_syscall(<... resuming interrupted poll ...> <unfinished ...>
29392 restart_syscall(<... resuming interrupted poll ...> <unfinished ...>
29391 restart_syscall(<... resuming interrupted restart_syscall ...> <unfinished ...>
29390 restart_syscall(<... resuming interrupted restart_syscall ...> <unfinished ...>
29389 futex(0x2789530, FUTEX_WAIT_BITSET_PRIVATE|FUTEX_CLOCK_REALTIME, 0, NULL, ffffffff <unfinished ...>
29388 futex(0x284e870, FUTEX_WAIT_BITSET_PRIVATE|FUTEX_CLOCK_REALTIME, 0, NULL, ffffffff <unfinished ...>
29387 restart_syscall(<... resuming interrupted restart_syscall ...> <unfinished ...>
29386 futex(0x2815660, FUTEX_WAIT_BITSET_PRIVATE|FUTEX_CLOCK_REALTIME, 0, NULL, ffffffff <unfinished ...>
29385 restart_syscall(<... resuming interrupted restart_syscall ...> <unfinished ...>
29384 futex(0x285df70, FUTEX_WAIT_BITSET_PRIVATE|FUTEX_CLOCK_REALTIME, 0, NULL, ffffffff <unfinished ...>
29383 futex(0x285d820, FUTEX_WAIT_BITSET_PRIVATE|FUTEX_CLOCK_REALTIME, 0, NULL, ffffffff <unfinished ...>
29382 futex(0x297995c, FUTEX_WAIT_PRIVATE, 1, NULL <unfinished ...>
29381 accept(12,  <unfinished ...>
29380 restart_syscall(<... resuming interrupted poll ...> <unfinished ...>
29379 futex(0x29609b0, FUTEX_WAIT_BITSET_PRIVATE|FUTEX_CLOCK_REALTIME, 0, NULL, ffffffff <unfinished ...>
29378 restart_syscall(<... resuming interrupted poll ...> <unfinished ...>
29377 restart_syscall(<... resuming interrupted poll ...> <unfinished ...>
29376 futex(0x7ff104ea72a4, FUTEX_WAIT_PRIVATE, 1, NULL <unfinished ...>
29375 futex(0x29395b0, FUTEX_WAIT_BITSET_PRIVATE|FUTEX_CLOCK_REALTIME, 0, NULL, ffffffff <unfinished ...>
29374 restart_syscall(<... resuming interrupted futex ...> <unfinished ...>
29373 futex(0x28bc860, FUTEX_WAIT_BITSET_PRIVATE|FUTEX_CLOCK_REALTIME, 0, NULL, ffffffff <unfinished ...>
29372 futex(0x288077c, FUTEX_WAIT_PRIVATE, 1, NULL <unfinished ...>
29371 futex(0x2777e80, FUTEX_WAIT_BITSET_PRIVATE|FUTEX_CLOCK_REALTIME, 0, NULL, ffffffff <unfinished ...>
29370 futex(0x277888c, FUTEX_WAIT_PRIVATE, 1, NULL <unfinished ...>
29369 futex(0x2764ca0, FUTEX_WAIT_BITSET_PRIVATE|FUTEX_CLOCK_REALTIME, 0, NULL, ffffffff <unfinished ...>
29368 restart_syscall(<... resuming interrupted poll ...> <unfinished ...>
29367 futex(0x2777290, FUTEX_WAIT_BITSET_PRIVATE|FUTEX_CLOCK_REALTIME, 0, NULL, ffffffff <unfinished ...>
29366 futex(0x2762f80, FUTEX_WAIT_BITSET_PRIVATE|FUTEX_CLOCK_REALTIME, 0, NULL, ffffffff <unfinished ...>
29365 futex(0x26f34d0, FUTEX_WAIT_BITSET_PRIVATE|FUTEX_CLOCK_REALTIME, 0, NULL, ffffffff <unfinished ...>
29364 futex(0x26f4d90, FUTEX_WAIT_BITSET_PRIVATE|FUTEX_CLOCK_REALTIME, 0, NULL, ffffffff <unfinished ...>
29363 futex(0x26dc840, FUTEX_WAIT_BITSET_PRIVATE|FUTEX_CLOCK_REALTIME, 0, NULL, ffffffff <unfinished ...>
29362 restart_syscall(<... resuming interrupted restart_syscall ...> <unfinished ...>
29361 futex(0x2694d80, FUTEX_WAIT_BITSET_PRIVATE|FUTEX_CLOCK_REALTIME, 0, NULL, ffffffff <unfinished ...>
29360 futex(0x26941bc, FUTEX_WAIT_PRIVATE, 1, NULL <unfinished ...>
29359 futex(0x8ff6e4, FUTEX_WAIT_PRIVATE, 2547, NULL <unfinished ...>
29358 futex(0x26939ec, FUTEX_WAIT_PRIVATE, 433, NULL <unfinished ...>
29352 futex(0x2681200, FUTEX_WAIT_BITSET_PRIVATE|FUTEX_CLOCK_REALTIME, 0, NULL, ffffffff <unfinished ...>
29351 futex(0x2680770, FUTEX_WAIT_BITSET_PRIVATE|FUTEX_CLOCK_REALTIME, 0, NULL, ffffffff <unfinished ...>
29350 futex(0x8ffa24, FUTEX_WAIT_PRIVATE, 11017, NULL <unfinished ...>
29349 restart_syscall(<... resuming interrupted restart_syscall ...> <unfinished ...>
29348 futex(0x263ca10, FUTEX_WAIT_BITSET_PRIVATE|FUTEX_CLOCK_REALTIME, 0, NULL, ffffffff <unfinished ...>
29347 futex(0x2366050, FUTEX_WAIT_BITSET_PRIVATE|FUTEX_CLOCK_REALTIME, 0, NULL, ffffffff <unfinished ...>
29346 futex(0x8ff664, FUTEX_WAIT_PRIVATE, 37, NULL <unfinished ...>
29328 restart_syscall(<... resuming interrupted restart_syscall ...> <unfinished ...>
29392 <... restart_syscall resumed> )   = 0
29392 poll([{fd=14, events=POLLIN}], 1, 1000 <unfinished ...>
29378 <... restart_syscall resumed> )   = 0
29378 poll(0x7ff128000c30, 0, 1000 <unfinished ...>
29394 <... restart_syscall resumed> )   = 0
29394 nanosleep({1, 0},  <unfinished ...>
29380 <... restart_syscall resumed> )   = 0
29380 poll([{fd=11, events=POLLIN}], 1, 1000 <unfinished ...>
29393 <... restart_syscall resumed> )   = 0
29393 poll([{fd=16, events=POLLIN}], 1, 1000 <unfinished ...>
29377 <... restart_syscall resumed> )   = 0
29377 poll([{fd=10, events=POLLIN}], 1, 1000 <unfinished ...>
29368 <... restart_syscall resumed> )   = 0
29368 nanosleep({0, 1000}, NULL)        = 0
29368 poll([{fd=8, events=POLLIN|POLLPRI}], 1, 5000 <unfinished ...>
29392 <... poll resumed> )              = 0 (Timeout)
29392 poll([{fd=14, events=POLLIN}], 1, 1000 <unfinished ...>
29378 <... poll resumed> )              = 0 (Timeout)
29378 poll(0x7ff128000c30, 0, 1000 <unfinished ...>
29394 <... nanosleep resumed> 0x7ff0f4099bd0) = 0
29394 nanosleep({1, 0},  <unfinished ...>
29380 <... poll resumed> )              = 0 (Timeout)
29380 poll([{fd=11, events=POLLIN}], 1, 1000 <unfinished ...>
29393 <... poll resumed> )              = 0 (Timeout)
29393 poll([{fd=16, events=POLLIN}], 1, 1000 <unfinished ...>
29377 <... poll resumed> )              = 0 (Timeout)
29377 poll([{fd=10, events=POLLIN}], 1, 1000 <unfinished ...>
29374 <... restart_syscall resumed> )   = -1 ETIMEDOUT (Connection timed out)
29374 futex(0x7ff130f33c00, FUTEX_WAKE_PRIVATE, 1) = 0
29374 futex(0x7ff130f33bc4, FUTEX_WAIT_BITSET_PRIVATE|FUTEX_CLOCK_REALTIME, 64851, {1504770567, 0}, ffffffff <unfinished ...>
29392 <... poll resumed> )              = 0 (Timeout)
29392 poll([{fd=14, events=POLLIN}], 1, 1000 <unfinished ...>
29378 <... poll resumed> )              = 0 (Timeout)
29378 poll(0x7ff128000c30, 0, 1000 <unfinished ...>
29394 <... nanosleep resumed> 0x7ff0f4099bd0) = 0
29394 nanosleep({1, 0},  <unfinished ...>
29380 <... poll resumed> )              = 0 (Timeout)
29380 poll([{fd=11, events=POLLIN}], 1, 1000 <unfinished ...>
29393 <... poll resumed> )              = 0 (Timeout)
29377 <... poll resumed> )              = 0 (Timeout)
29393 poll([{fd=16, events=POLLIN}], 1, 1000 <unfinished ...>
29377 poll([{fd=10, events=POLLIN}], 1, 1000 <unfinished ...>
29392 <... poll resumed> )              = 0 (Timeout)
29378 <... poll resumed> )              = 0 (Timeout)
29392 poll([{fd=14, events=POLLIN}], 1, 1000 <unfinished ...>
29378 poll(0x7ff128000c30, 0, 1000 <unfinished ...>
29394 <... nanosleep resumed> 0x7ff0f4099bd0) = 0
29394 nanosleep({1, 0},  <unfinished ...>
29380 <... poll resumed> )              = 0 (Timeout)
29380 poll([{fd=11, events=POLLIN}], 1, 1000 <unfinished ...>
29393 <... poll resumed> )              = 0 (Timeout)
29377 <... poll resumed> )              = 0 (Timeout)
29393 poll([{fd=16, events=POLLIN}], 1, 1000 <unfinished ...>
29377 poll([{fd=10, events=POLLIN}], 1, 1000 <unfinished ...>
29374 <... futex resumed> )             = -1 ETIMEDOUT (Connection timed out)
29374 futex(0x7ff130f33c00, FUTEX_WAKE_PRIVATE, 1) = 0
29374 futex(0x7ff130f33bc4, FUTEX_WAIT_BITSET_PRIVATE|FUTEX_CLOCK_REALTIME, 64853, {1504770569, 0}, ffffffff <unfinished ...>
29378 <... poll resumed> )              = 0 (Timeout)
29392 <... poll resumed> )              = 0 (Timeout)
29392 poll([{fd=14, events=POLLIN}], 1, 1000 <unfinished ...>
29378 poll(0x7ff128000c30, 0, 1000 <unfinished ...>
29394 <... nanosleep resumed> 0x7ff0f4099bd0) = 0
29394 nanosleep({1, 0},  <unfinished ...>
29380 <... poll resumed> )              = 0 (Timeout)
29380 poll([{fd=11, events=POLLIN}], 1, 1000 <unfinished ...>
29393 <... poll resumed> )              = 0 (Timeout)
29377 <... poll resumed> )              = 0 (Timeout)
29377 poll([{fd=10, events=POLLIN}], 1, 1000 <unfinished ...>
29393 poll([{fd=16, events=POLLIN}], 1, 1000 <unfinished ...>
29392 <... poll resumed> )              = 0 (Timeout)
29378 <... poll resumed> )              = 0 (Timeout)
29392 poll([{fd=14, events=POLLIN}], 1, 1000 <unfinished ...>
29378 poll(0x7ff128000c30, 0, 1000 <unfinished ...>
29394 <... nanosleep resumed> 0x7ff0f4099bd0) = 0
29394 nanosleep({1, 0},  <unfinished ...>
29380 <... poll resumed> )              = 0 (Timeout)
29380 poll([{fd=11, events=POLLIN}], 1, 1000 <unfinished ...>
29377 <... poll resumed> )              = 0 (Timeout)
29393 <... poll resumed> )              = 0 (Timeout)
29393 poll([{fd=16, events=POLLIN}], 1, 1000 <unfinished ...>
29377 poll([{fd=10, events=POLLIN}], 1, 1000 <unfinished ...>
29374 <... futex resumed> )             = -1 ETIMEDOUT (Connection timed out)
29374 futex(0x7ff130f33c00, FUTEX_WAKE_PRIVATE, 1) = 0
29374 futex(0x7ff130f33bc4, FUTEX_WAIT_BITSET_PRIVATE|FUTEX_CLOCK_REALTIME, 64855, {1504770571, 0}, ffffffff <unfinished ...>
29368 <... poll resumed> )              = 0 (Timeout)
29368 nanosleep({0, 1000}, NULL)        = 0
29368 poll([{fd=8, events=POLLIN|POLLPRI}], 1, 5000 <unfinished ...>
29378 <... poll resumed> )              = 0 (Timeout)
29392 <... poll resumed> )              = 0 (Timeout)
29392 poll([{fd=14, events=POLLIN}], 1, 1000 <unfinished ...>
29378 poll(0x7ff128000c30, 0, 1000 <unfinished ...>
29394 <... nanosleep resumed> 0x7ff0f4099bd0) = 0
29394 nanosleep({1, 0},  <unfinished ...>
29380 <... poll resumed> )              = 0 (Timeout)
29380 poll([{fd=11, events=POLLIN}], 1, 1000 <unfinished ...>
29393 <... poll resumed> )              = 0 (Timeout)
29377 <... poll resumed> )              = 0 (Timeout)
29377 poll([{fd=10, events=POLLIN}], 1, 1000 <unfinished ...>
29393 poll([{fd=16, events=POLLIN}], 1, 1000 <unfinished ...>
29392 <... poll resumed> )              = 0 (Timeout)
29378 <... poll resumed> )              = 0 (Timeout)
29378 poll(0x7ff128000c30, 0, 1000 <unfinished ...>
29392 poll([{fd=14, events=POLLIN}], 1, 1000 <unfinished ...>
29394 <... nanosleep resumed> 0x7ff0f4099bd0) = 0
29394 nanosleep({1, 0},  <unfinished ...>
29380 <... poll resumed> )              = 0 (Timeout)
29380 poll([{fd=11, events=POLLIN}], 1, 1000 <unfinished ...>
29377 <... poll resumed> )              = 0 (Timeout)
29393 <... poll resumed> )              = 0 (Timeout)
29393 poll([{fd=16, events=POLLIN}], 1, 1000 <unfinished ...>
29377 poll([{fd=10, events=POLLIN}], 1, 1000 <unfinished ...>
29374 <... futex resumed> )             = -1 ETIMEDOUT (Connection timed out)
29374 futex(0x7ff130f33c00, FUTEX_WAKE_PRIVATE, 1) = 0
29374 futex(0x7ff130f33bc4, FUTEX_WAIT_BITSET_PRIVATE|FUTEX_CLOCK_REALTIME, 64857, {1504770573, 0}, ffffffff <unfinished ...>
29378 <... poll resumed> )              = 0 (Timeout)
29392 <... poll resumed> )              = 0 (Timeout)
29392 poll([{fd=14, events=POLLIN}], 1, 1000 <unfinished ...>
29378 poll(0x7ff128000c30, 0, 1000 <unfinished ...>
29394 <... nanosleep resumed> 0x7ff0f4099bd0) = 0
29394 nanosleep({1, 0},  <unfinished ...>
29380 <... poll resumed> )              = 0 (Timeout)
29380 poll([{fd=11, events=POLLIN}], 1, 1000 <unfinished ...>
29393 <... poll resumed> )              = 0 (Timeout)
29377 <... poll resumed> )              = 0 (Timeout)
29377 poll([{fd=10, events=POLLIN}], 1, 1000 <unfinished ...>
29393 poll([{fd=16, events=POLLIN}], 1, 1000 <unfinished ...>
29392 <... poll resumed> )              = 0 (Timeout)
29378 <... poll resumed> )              = 0 (Timeout)
29378 poll(0x7ff128000c30, 0, 1000 <unfinished ...>
29392 poll([{fd=14, events=POLLIN}], 1, 1000 <unfinished ...>
29394 <... nanosleep resumed> 0x7ff0f4099bd0) = 0
29394 nanosleep({1, 0},  <unfinished ...>
29380 <... poll resumed> )              = 0 (Timeout)
29380 poll([{fd=11, events=POLLIN}], 1, 1000 <unfinished ...>
29377 <... poll resumed> )              = 0 (Timeout)
29393 <... poll resumed> )              = 0 (Timeout)
29393 poll([{fd=16, events=POLLIN}], 1, 1000 <unfinished ...>
29377 poll([{fd=10, events=POLLIN}], 1, 1000 <unfinished ...>
29374 <... futex resumed> )             = -1 ETIMEDOUT (Connection timed out)
29374 futex(0x7ff130f33c00, FUTEX_WAKE_PRIVATE, 1) = 0
29374 futex(0x7ff130f33bc4, FUTEX_WAIT_BITSET_PRIVATE|FUTEX_CLOCK_REALTIME, 64859, {1504770575, 0}, ffffffff <unfinished ...>
29378 <... poll resumed> )              = 0 (Timeout)
29392 <... poll resumed> )              = 0 (Timeout)
29378 poll(0x7ff128000c30, 0, 1000 <unfinished ...>
29392 poll([{fd=14, events=POLLIN}], 1, 1000 <unfinished ...>
29394 <... nanosleep resumed> 0x7ff0f4099bd0) = 0
29394 nanosleep({1, 0},  <unfinished ...>
29380 <... poll resumed> )              = 0 (Timeout)
29380 poll([{fd=11, events=POLLIN}], 1, 1000 <unfinished ...>
29393 <... poll resumed> )              = 0 (Timeout)
29377 <... poll resumed> )              = 0 (Timeout)
29377 poll([{fd=10, events=POLLIN}], 1, 1000 <unfinished ...>
29393 poll([{fd=16, events=POLLIN}], 1, 1000 <unfinished ...>
29368 <... poll resumed> )              = 0 (Timeout)
29368 nanosleep({0, 1000}, NULL)        = 0
29368 poll([{fd=8, events=POLLIN|POLLPRI}], 1, 5000 <unfinished ...>
29392 <... poll resumed> )              = 0 (Timeout)
29378 <... poll resumed> )              = 0 (Timeout)
29378 poll(0x7ff128000c30, 0, 1000 <unfinished ...>
29392 poll([{fd=14, events=POLLIN}], 1, 1000 <unfinished ...>
29394 <... nanosleep resumed> 0x7ff0f4099bd0) = 0
29394 nanosleep({1, 0},  <unfinished ...>
29380 <... poll resumed> )              = 0 (Timeout)
29380 poll([{fd=11, events=POLLIN}], 1, 1000 <unfinished ...>
29377 <... poll resumed> )              = 0 (Timeout)
29393 <... poll resumed> )              = 0 (Timeout)
29393 poll([{fd=16, events=POLLIN}], 1, 1000 <unfinished ...>
29377 poll([{fd=10, events=POLLIN}], 1, 1000 <unfinished ...>
29374 <... futex resumed> )             = -1 ETIMEDOUT (Connection timed out)
29374 futex(0x7ff130f33c00, FUTEX_WAKE_PRIVATE, 1) = 0
29374 futex(0x7ff130f33bc4, FUTEX_WAIT_BITSET_PRIVATE|FUTEX_CLOCK_REALTIME, 64861, {1504770577, 0}, ffffffff <unfinished ...>
29392 <... poll resumed> )              = 0 (Timeout)
29378 <... poll resumed> )              = 0 (Timeout)
29392 poll([{fd=14, events=POLLIN}], 1, 1000 <unfinished ...>
29378 poll(0x7ff128000c30, 0, 1000 <unfinished ...>
29394 <... nanosleep resumed> 0x7ff0f4099bd0) = 0
29394 nanosleep({1, 0},  <unfinished ...>
29380 <... poll resumed> )              = 0 (Timeout)
29380 poll([{fd=11, events=POLLIN}], 1, 1000 <unfinished ...>
29393 <... poll resumed> )              = 0 (Timeout)
29377 <... poll resumed> )              = 0 (Timeout)
29393 poll([{fd=16, events=POLLIN}], 1, 1000 <unfinished ...>
29377 poll([{fd=10, events=POLLIN}], 1, 1000 <unfinished ...>
29392 <... poll resumed> )              = 0 (Timeout)
29378 <... poll resumed> )              = 0 (Timeout)
29378 poll(0x7ff128000c30, 0, 1000 <unfinished ...>
29392 poll([{fd=14, events=POLLIN}], 1, 1000 <unfinished ...>
29394 <... nanosleep resumed> 0x7ff0f4099bd0) = 0
29394 nanosleep({1, 0},  <unfinished ...>
29380 <... poll resumed> )              = 0 (Timeout)
29380 poll([{fd=11, events=POLLIN}], 1, 1000 <unfinished ...>
29395 <... restart_syscall resumed> )   = 0
29395 nanosleep({60, 0},  <unfinished ...>
29377 <... poll resumed> )              = 0 (Timeout)
29393 <... poll resumed> )              = 0 (Timeout)
29393 poll([{fd=16, events=POLLIN}], 1, 1000 <unfinished ...>
29377 poll([{fd=10, events=POLLIN}], 1, 1000 <unfinished ...>
29374 <... futex resumed> )             = -1 ETIMEDOUT (Connection timed out)
29374 futex(0x7ff130f33c00, FUTEX_WAKE_PRIVATE, 1) = 0
29374 futex(0x7ff130f33bc4, FUTEX_WAIT_BITSET_PRIVATE|FUTEX_CLOCK_REALTIME, 64863, {1504770579, 0}, ffffffff <unfinished ...>
29378 <... poll resumed> )              = 0 (Timeout)
29392 <... poll resumed> )              = 0 (Timeout)
29392 poll([{fd=14, events=POLLIN}], 1, 1000 <unfinished ...>
29378 poll(0x7ff128000c30, 0, 1000 <unfinished ...>
29394 <... nanosleep resumed> 0x7ff0f4099bd0) = 0
29394 nanosleep({1, 0},  <unfinished ...>
29380 <... poll resumed> )              = 0 (Timeout)
29380 poll([{fd=11, events=POLLIN}], 1, 1000) = 1 ([{fd=11, revents=POLLIN}])
29380 recvfrom(11, "INVITE sip:+4721058613@91.220.196.221:5060;user=phone SIP/2.0\r\nRecord-Route: <sip:91.220.196.221:5060;lr=on>\r\nVia: SIP/2.0/UDP 172.16.101.11;branch=z9hG4bK8f71.28030c13ceb4f2df41c444cfd204333c.0\r\nVia: SIP/2.0/UDP 212.125.239.7:5060;rport=5060;branch=z9hG4bKshbkjq1058718s0ol5k1.1\r\nFrom: +4721638010 <sip:+4721638010@62.243.25.202:5060;user=phone>;tag=171879378\r\nTo: +4721058613 <sip:+4721058613@62.242.45.32:5060;user=phone>\r\nCall-ID: 364be7d4-cee631d-b3d4911-a279@62.243.25.202\r\nCSeq: 1 INVITE\r\nMax-Forwards: 68\r\nSupported: timer\r\nSession-Expires: 1800\r\nMin-SE: 1800\r\nContact: +4721638010 <sip:+4721638010@212.125.239.7:5060;transport=udp>\r\nAllow: INVITE,ACK,PRACK,SUBSCRIBE,BYE,CANCEL,NOTIFY,INFO,REFER,UPDATE\r\nP-Asserted-Identity: +4721536940 <sip:+4721536940@62.243.25.202;user=phone>\r\nContent-Type: application/sdp\r\nContent-Length: 436\r\n\r\nv=0\r\no=- 31486218 0 IN IP4 172.16.101.10\r\ns=Cisco SDP 0\r\nc=IN IP4 172.16.101.10\r\nt=0 0\r\nm=audio 48918 RTP/AVP 8 0 18 101 100\r\na=rtpmap:18 G.729/8000\r\na=fmtp:18 annexb=no\r\na=rtpmap:"..., 65534, 0, {sa_family=AF_INET, sin_port=htons(5060), sin_addr=inet_addr("172.16.101.11")}, [16]) = 1280
29380 socket(PF_INET, SOCK_DGRAM, IPPROTO_IP) = 25
29380 connect(25, {sa_family=AF_INET, sin_port=htons(5060), sin_addr=inet_addr("172.16.101.11")}, 16) = 0
29380 getsockname(25, {sa_family=AF_INET, sin_port=htons(35657), sin_addr=inet_addr("172.16.101.10")}, [16]) = 0
29380 close(25)                         = 0
29380 read(4, "\263\237\303\331\314\266\246x", 8) = 8
29380 read(4, "\226\271\26\23e\203\240E", 8) = 8
29380 read(4, "\303\215@\244k\200\2676", 8) = 8
29380 read(4, "\235>J\212\270\343U\256", 8) = 8
29380 socket(PF_INET, SOCK_DGRAM, IPPROTO_IP) = 25
29380 fcntl(25, F_GETFL)                = 0x2 (flags O_RDWR)
29380 fcntl(25, F_SETFL, O_ACCMODE|O_NONBLOCK) = 0
29380 read(4, "F|\373\177\33d\17\252", 8) = 8
29380 bind(25, {sa_family=AF_INET, sin_port=htons(15864), sin_addr=inet_addr("0.0.0.0")}, 16) = 0
29380 uname({sysname="Linux", nodename="p-sip01", ...}) = 0
29380 stat("/etc/resolv.conf", {st_mode=S_IFREG|0644, st_size=229, ...}) = 0
29380 open("/etc/hosts", O_RDONLY|O_CLOEXEC) = 28
29380 fstat(28, {st_mode=S_IFREG|0644, st_size=387, ...}) = 0
29380 read(28, "127.0.0.1\tlocalhost\n91.220.196.197\tp-sip01.telefactory.clh.no\tp-sip01\n\n# The following lines are desirable for IPv6 capable hosts\n::1     localhost ip6-localhost ip6-loopback\nff02::1 ip6-allnodes\nff02::2 ip6-allrouters\n172.16.101.13\tp-web01 p-web01.telefactory\n172.16.101.10\tp-sip01 p-sip01.telefactory\n172.16.101.12\tp-app01 p-app01.telefactory\n172.16.101.11\tp-sbc01 p-sbc01.telefactory\n", 4096) = 387
29380 read(28, "", 4096)                = 0
29380 close(28)                         = 0
29380 socket(PF_NETLINK, SOCK_RAW, NETLINK_ROUTE) = 28
29380 bind(28, {sa_family=AF_NETLINK, pid=0, groups=00000000}, 12) = 0
29380 getsockname(28, {sa_family=AF_NETLINK, pid=29328, groups=00000000}, [12]) = 0
29380 sendto(28, "\24\0\0\0\26\0\1\3\21\372\260Y\0\0\0\0\0\0\0\0", 20, 0, {sa_family=AF_NETLINK, pid=0, groups=00000000}, 12) = 20
29380 recvmsg(28, {msg_name(12)={sa_family=AF_NETLINK, pid=0, groups=00000000}, msg_iov(1)=[{"L\0\0\0\24\0\2\0\21\372\260Y\220r\0\0\2\10\200\376\1\0\0\0\10\0\1\0\177\0\0\1\10\0\2\0\177\0\0\1\7\0\3\0lo\0\0\10\0\10\0\200\0\0\0\24\0\6\0\377\377\377\377\377\377\377\377\372\1\0\0\372\1\0\0X\0\0\0\24\0\2\0\21\372\260Y\220r\0\0\2\30\200\0\2\0\0\0\10\0\1\0\254\20e\n\10\0\2\0\254\20e\n\10\0\4\0\254\20e\377\n\0\3\0ens32\0\0\0\10\0\10\0\200\0\0\0\24\0\6\0\377\377\377\377\377\377\377\377.\3\0\0.\3\0\0", 4096}], msg_controllen=0, msg_flags=0}, 0) = 164
29380 recvmsg(28, {msg_name(12)={sa_family=AF_NETLINK, pid=0, groups=00000000}, msg_iov(1)=[{"H\0\0\0\24\0\2\0\21\372\260Y\220r\0\0\n\200\200\376\1\0\0\0\24\0\1\0\0\0\0\0\0\0\0\0\0\0\0\0\0\0\0\1\24\0\6\0\377\377\377\377\377\377\377\377\372\1\0\0\372\1\0\0\10\0\10\0\200\0\0\0H\0\0\0\24\0\2\0\21\372\260Y\220r\0\0\n@\200\375\2\0\0\0\24\0\1\0\376\200\0\0\0\0\0\0\2PV\377\376\220x\354\24\0\6\0\377\377\377\377\377\377\377\377/\3\0\0/\3\0\0\10\0\10\0\200\0\0\0", 4096}], msg_controllen=0, msg_flags=0}, 0) = 144
29380 recvmsg(28, {msg_name(12)={sa_family=AF_NETLINK, pid=0, groups=00000000}, msg_iov(1)=[{"\24\0\0\0\3\0\2\0\21\372\260Y\220r\0\0\0\0\0\0", 4096}], msg_controllen=0, msg_flags=0}, 0) = 20
29380 close(28)                         = 0
29380 socket(PF_INET, SOCK_DGRAM, IPPROTO_IP) = 28
29380 connect(28, {sa_family=AF_INET, sin_port=htons(0), sin_addr=inet_addr("91.220.196.197")}, 16) = 0
29380 getsockname(28, {sa_family=AF_INET, sin_port=htons(53916), sin_addr=inet_addr("172.16.101.10")}, [16]) = 0
29380 connect(28, {sa_family=AF_UNSPEC, sa_data="\0\0\0\0\0\0\0\0\0\0\0\0\0\0"}, 16) = 0
29380 connect(28, {sa_family=AF_INET, sin_port=htons(0), sin_addr=inet_addr("172.16.101.10")}, 16) = 0
29380 getsockname(28, {sa_family=AF_INET, sin_port=htons(48787), sin_addr=inet_addr("172.16.101.10")}, [16]) = 0
29380 close(28)                         = 0
29380 socket(PF_INET, SOCK_DGRAM, IPPROTO_IP) = 28
29380 fcntl(28, F_GETFL)                = 0x2 (flags O_RDWR)
29380 fcntl(28, F_SETFL, O_ACCMODE|O_NONBLOCK) = 0
29380 bind(28, {sa_family=AF_INET, sin_port=htons(15865), sin_addr=inet_addr("0.0.0.0")}, 16) = 0
29380 getsockname(25, {sa_family=AF_INET, sin_port=htons(15864), sin_addr=inet_addr("0.0.0.0")}, [16]) = 0
29380 setsockopt(25, SOL_IP, IP_TOS, [0], 4) = 0
29380 setsockopt(25, SOL_SOCKET, SO_PRIORITY, [5], 4) = 0
29380 gettid()                          = 29380
29380 futex(0x8ffa24, FUTEX_WAKE_OP_PRIVATE, 1, 1, 0x8ffa20, {FUTEX_OP_SET, 0, FUTEX_OP_CMP_GT, 1}) = 1
29350 <... futex resumed> )             = 0
29350 futex(0x8e4a90, FUTEX_WAIT_PRIVATE, 2, NULL <unfinished ...>
29380 futex(0x8e4a90, FUTEX_WAKE_PRIVATE, 1) = 1
29350 <... futex resumed> )             = 0
29350 futex(0x8e4a90, FUTEX_WAKE_PRIVATE, 1) = 0
29350 write(6, "[Sep  7 09:49:37] VERBOSE[29380][C-00000148] netsock2.c: Using SIP RTP CoS mark 5\n", 82) = 82
29350 write(1, "\33[1;30m  == \33[0mUsing SIP RTP CoS mark 5\n", 41) = 41
29350 write(24, "\375Using SIP RTP CoS mark 5\n", 26) = 26
472   <... restart_syscall resumed> )   = 1
472   read(22, "\375Using SIP RTP CoS mark 5\n", 512) = 26
472   getsockopt(22, SOL_SOCKET, SO_PEERCRED, {pid=29328, uid=0, gid=0}, [12]) = 0
472   write(21, "\375Using SIP RTP CoS mark 5\n", 26) = 26
472   poll([{fd=21, events=POLLIN}, {fd=22, events=POLLIN}], 2, -1 <unfinished ...>
29350 futex(0x8ffa24, FUTEX_WAIT_PRIVATE, 11019, NULL <unfinished ...>
29380 socket(PF_INET, SOCK_DGRAM, IPPROTO_IP) = 29
29380 connect(29, {sa_family=AF_INET, sin_port=htons(48918), sin_addr=inet_addr("172.16.101.10")}, 16) = 0
29380 getsockname(29, {sa_family=AF_INET, sin_port=htons(42465), sin_addr=inet_addr("172.16.101.10")}, [16]) = 0
29380 close(29)                         = 0
29380 read(4, "\212?r\304\27v\2569", 8) = 8
29380 timerfd_create(CLOCK_MONOTONIC, 0) = 29
29380 eventfd2(0, EFD_SEMAPHORE|EFD_NONBLOCK) = 30
29380 open("/dev/urandom", O_RDONLY|O_CLOEXEC) = 39
29380 fcntl(39, F_GETFD)                = 0x1 (flags FD_CLOEXEC)
29380 fcntl(39, F_SETFD, FD_CLOEXEC)    = 0
29380 getuid()                          = 0
29380 getppid()                         = 1
29380 read(39, "\220\346\240\363\304\257\3329\355\252\354\240\237\344$\3", 16) = 16
29380 close(39)                         = 0
29380 gettid()                          = 29380
29380 futex(0x2777290, FUTEX_WAKE_PRIVATE, 1) = 1
29367 <... futex resumed> )             = 0
29367 futex(0x2777290, FUTEX_WAIT_BITSET_PRIVATE|FUTEX_CLOCK_REALTIME, 0, NULL, ffffffff <unfinished ...>
29380 futex(0x2777290, FUTEX_WAKE_PRIVATE, 1) = 1
29367 <... futex resumed> )             = 0
29367 futex(0x2777290, FUTEX_WAIT_BITSET_PRIVATE|FUTEX_CLOCK_REALTIME, 0, NULL, ffffffff <unfinished ...>
29380 futex(0x263ca10, FUTEX_WAKE_PRIVATE, 1) = 1
29348 <... futex resumed> )             = 0
29348 clone(child_stack=0x7ff133909f70, flags=CLONE_VM|CLONE_FS|CLONE_FILES|CLONE_SIGHAND|CLONE_THREAD|CLONE_SYSVSEM|CLONE_SETTLS|CLONE_PARENT_SETTID|CLONE_CHILD_CLEARTID, parent_tidptr=0x7ff13390a9d0, tls=0x7ff13390a700, child_tidptr=0x7ff13390a9d0) = 13368
29348 futex(0x263ca10, FUTEX_WAIT_BITSET_PRIVATE|FUTEX_CLOCK_REALTIME, 0, NULL, ffffffff <unfinished ...>
29380 futex(0x26dc840, FUTEX_WAKE_PRIVATE, 1) = 1
29363 <... futex resumed> )             = 0
29363 futex(0x26dc840, FUTEX_WAIT_BITSET_PRIVATE|FUTEX_CLOCK_REALTIME, 0, NULL, ffffffff <unfinished ...>
29380 futex(0x2762f80, FUTEX_WAKE_PRIVATE, 1) = 1
29366 <... futex resumed> )             = 0
29366 futex(0x2762f80, FUTEX_WAIT_BITSET_PRIVATE|FUTEX_CLOCK_REALTIME, 0, NULL, ffffffff <unfinished ...>
29380 futex(0x285df70, FUTEX_WAKE_PRIVATE, 1) = 1
29384 <... futex resumed> )             = 0
29384 futex(0x285df70, FUTEX_WAIT_BITSET_PRIVATE|FUTEX_CLOCK_REALTIME, 0, NULL, ffffffff <unfinished ...>
29380 futex(0x2777290, FUTEX_WAKE_PRIVATE, 1) = 1
29367 <... futex resumed> )             = 0
29367 futex(0x2777290, FUTEX_WAIT_BITSET_PRIVATE|FUTEX_CLOCK_REALTIME, 0, NULL, ffffffff <unfinished ...>
29380 futex(0x26dc840, FUTEX_WAKE_PRIVATE, 1) = 1
29363 <... futex resumed> )             = 0
29363 futex(0x26dc840, FUTEX_WAIT_BITSET_PRIVATE|FUTEX_CLOCK_REALTIME, 0, NULL, ffffffff <unfinished ...>
29380 futex(0x2762f80, FUTEX_WAKE_PRIVATE, 1) = 1
29366 <... futex resumed> )             = 0
29366 futex(0x2762f80, FUTEX_WAIT_BITSET_PRIVATE|FUTEX_CLOCK_REALTIME, 0, NULL, ffffffff <unfinished ...>
29380 futex(0x285df70, FUTEX_WAKE_PRIVATE, 1) = 1
29384 <... futex resumed> )             = 0
29384 futex(0x285df70, FUTEX_WAIT_BITSET_PRIVATE|FUTEX_CLOCK_REALTIME, 0, NULL, ffffffff <unfinished ...>
29380 futex(0x29db010, FUTEX_WAKE_PRIVATE, 1 <unfinished ...>
29397 <... futex resumed> )             = 0
29380 <... futex resumed> )             = 1
13368 set_robust_list(0x7ff13390a9e0, 24 <unfinished ...>
29397 futex(0x29db010, FUTEX_WAIT_BITSET_PRIVATE|FUTEX_CLOCK_REALTIME, 0, NULL, ffffffff <unfinished ...>
29380 futex(0x2777290, FUTEX_WAKE_PRIVATE, 1 <unfinished ...>
13368 <... set_robust_list resumed> )   = 0
29380 <... futex resumed> )             = 1
29367 <... futex resumed> )             = 0
13368 gettid( <unfinished ...>
29380 futex(0x26dc840, FUTEX_WAKE_PRIVATE, 1 <unfinished ...>
29367 futex(0x2777290, FUTEX_WAIT_BITSET_PRIVATE|FUTEX_CLOCK_REALTIME, 0, NULL, ffffffff <unfinished ...>
13368 <... gettid resumed> )            = 13368
29380 <... futex resumed> )             = 1
29363 <... futex resumed> )             = 0
13368 futex(0x263ca10, FUTEX_WAKE_PRIVATE, 1 <unfinished ...>
29380 futex(0x2762f80, FUTEX_WAKE_PRIVATE, 1 <unfinished ...>
29363 futex(0x26dc840, FUTEX_WAIT_BITSET_PRIVATE|FUTEX_CLOCK_REALTIME, 0, NULL, ffffffff <unfinished ...>
13368 <... futex resumed> )             = 1
29380 <... futex resumed> )             = 1
29366 <... futex resumed> )             = 0
29348 <... futex resumed> )             = 0
13368 futex(0x7ff120001f14, FUTEX_WAIT_BITSET_PRIVATE|FUTEX_CLOCK_REALTIME, 1, {1504770597, 330290000}, ffffffff <unfinished ...>
29380 futex(0x285df70, FUTEX_WAKE_PRIVATE, 1 <unfinished ...>
29366 futex(0x2762f80, FUTEX_WAIT_BITSET_PRIVATE|FUTEX_CLOCK_REALTIME, 0, NULL, ffffffff <unfinished ...>
29348 futex(0x263ca10, FUTEX_WAIT_BITSET_PRIVATE|FUTEX_CLOCK_REALTIME, 0, NULL, ffffffff <unfinished ...>
29384 <... futex resumed> )             = 0
29380 <... futex resumed> )             = 1
29384 futex(0x285df70, FUTEX_WAIT_BITSET_PRIVATE|FUTEX_CLOCK_REALTIME, 0, NULL, ffffffff <unfinished ...>
29380 futex(0x29db010, FUTEX_WAKE_PRIVATE, 1 <unfinished ...>
29397 <... futex resumed> )             = 0
29380 <... futex resumed> )             = 1
29397 futex(0x29db010, FUTEX_WAIT_BITSET_PRIVATE|FUTEX_CLOCK_REALTIME, 0, NULL, ffffffff <unfinished ...>
29380 futex(0x2777290, FUTEX_WAKE_PRIVATE, 1) = 1
29367 <... futex resumed> )             = 0
29380 futex(0x263ca10, FUTEX_WAKE_PRIVATE, 1 <unfinished ...>
29367 futex(0x2777290, FUTEX_WAIT_BITSET_PRIVATE|FUTEX_CLOCK_REALTIME, 0, NULL, ffffffff <unfinished ...>
29380 <... futex resumed> )             = 1
29348 <... futex resumed> )             = 0
29380 futex(0x26dc840, FUTEX_WAKE_PRIVATE, 1 <unfinished ...>
29348 futex(0x7ff120001f14, FUTEX_WAKE_OP_PRIVATE, 1, 1, 0x7ff120001f10, {FUTEX_OP_SET, 0, FUTEX_OP_CMP_GT, 1} <unfinished ...>
13368 <... futex resumed> )             = 0
29380 <... futex resumed> )             = 1
29363 <... futex resumed> )             = 0
29348 <... futex resumed> )             = 1
13368 futex(0x7ff120001f40, FUTEX_WAKE_PRIVATE, 1 <unfinished ...>
29380 futex(0x2762f80, FUTEX_WAKE_PRIVATE, 1 <unfinished ...>
29363 futex(0x26dc840, FUTEX_WAIT_BITSET_PRIVATE|FUTEX_CLOCK_REALTIME, 0, NULL, ffffffff <unfinished ...>
29348 futex(0x263ca10, FUTEX_WAIT_BITSET_PRIVATE|FUTEX_CLOCK_REALTIME, 0, NULL, ffffffff <unfinished ...>
13368 <... futex resumed> )             = 0
29380 <... futex resumed> )             = 1
29366 <... futex resumed> )             = 0
13368 futex(0x263ca10, FUTEX_WAKE_PRIVATE, 1 <unfinished ...>
29380 futex(0x285df70, FUTEX_WAKE_PRIVATE, 1 <unfinished ...>
29366 futex(0x2762f80, FUTEX_WAIT_BITSET_PRIVATE|FUTEX_CLOCK_REALTIME, 0, NULL, ffffffff <unfinished ...>
13368 <... futex resumed> )             = 1
29384 <... futex resumed> )             = 0
29380 <... futex resumed> )             = 1
29348 <... futex resumed> )             = 0
13368 futex(0x7ff120001f14, FUTEX_WAIT_BITSET_PRIVATE|FUTEX_CLOCK_REALTIME, 3, {1504770597, 330713000}, ffffffff <unfinished ...>
29384 futex(0x285df70, FUTEX_WAIT_BITSET_PRIVATE|FUTEX_CLOCK_REALTIME, 0, NULL, ffffffff <unfinished ...>
29380 futex(0x29db010, FUTEX_WAKE_PRIVATE, 1 <unfinished ...>
29348 futex(0x263ca10, FUTEX_WAIT_BITSET_PRIVATE|FUTEX_CLOCK_REALTIME, 0, NULL, ffffffff <unfinished ...>
29397 <... futex resumed> )             = 0
29380 <... futex resumed> )             = 1
29397 futex(0x29db010, FUTEX_WAIT_BITSET_PRIVATE|FUTEX_CLOCK_REALTIME, 0, NULL, ffffffff <unfinished ...>
29380 futex(0x2777290, FUTEX_WAKE_PRIVATE, 1) = 1
29367 <... futex resumed> )             = 0
29380 futex(0x263ca10, FUTEX_WAKE_PRIVATE, 1 <unfinished ...>
29367 futex(0x2777290, FUTEX_WAIT_BITSET_PRIVATE|FUTEX_CLOCK_REALTIME, 0, NULL, ffffffff <unfinished ...>
29380 <... futex resumed> )             = 1
29348 <... futex resumed> )             = 0
29380 futex(0x26dc840, FUTEX_WAKE_PRIVATE, 1 <unfinished ...>
29348 futex(0x7ff120001f14, FUTEX_WAKE_OP_PRIVATE, 1, 1, 0x7ff120001f10, {FUTEX_OP_SET, 0, FUTEX_OP_CMP_GT, 1} <unfinished ...>
13368 <... futex resumed> )             = 0
29380 <... futex resumed> )             = 1
29363 <... futex resumed> )             = 0
29348 <... futex resumed> )             = 1
13368 futex(0x7ff120001f40, FUTEX_WAKE_PRIVATE, 1 <unfinished ...>
29380 futex(0x2762f80, FUTEX_WAKE_PRIVATE, 1 <unfinished ...>
29363 futex(0x26dc840, FUTEX_WAIT_BITSET_PRIVATE|FUTEX_CLOCK_REALTIME, 0, NULL, ffffffff <unfinished ...>
29348 futex(0x263ca10, FUTEX_WAIT_BITSET_PRIVATE|FUTEX_CLOCK_REALTIME, 0, NULL, ffffffff <unfinished ...>
13368 <... futex resumed> )             = 0
29380 <... futex resumed> )             = 1
29366 <... futex resumed> )             = 0
13368 futex(0x263ca10, FUTEX_WAKE_PRIVATE, 1 <unfinished ...>
29380 futex(0x285df70, FUTEX_WAKE_PRIVATE, 1 <unfinished ...>
29366 futex(0x2762f80, FUTEX_WAIT_BITSET_PRIVATE|FUTEX_CLOCK_REALTIME, 0, NULL, ffffffff <unfinished ...>
13368 <... futex resumed> )             = 1
29384 <... futex resumed> )             = 0
29380 <... futex resumed> )             = 1
29348 <... futex resumed> )             = 0
13368 futex(0x7ff120001f14, FUTEX_WAIT_BITSET_PRIVATE|FUTEX_CLOCK_REALTIME, 5, {1504770597, 331069000}, ffffffff <unfinished ...>
29384 futex(0x285df70, FUTEX_WAIT_BITSET_PRIVATE|FUTEX_CLOCK_REALTIME, 0, NULL, ffffffff <unfinished ...>
29380 futex(0x29db010, FUTEX_WAKE_PRIVATE, 1 <unfinished ...>
29348 futex(0x263ca10, FUTEX_WAIT_BITSET_PRIVATE|FUTEX_CLOCK_REALTIME, 0, NULL, ffffffff <unfinished ...>
29397 <... futex resumed> )             = 0
29380 <... futex resumed> )             = 1
29397 futex(0x29db010, FUTEX_WAIT_BITSET_PRIVATE|FUTEX_CLOCK_REALTIME, 0, NULL, ffffffff <unfinished ...>
29380 futex(0x2777290, FUTEX_WAKE_PRIVATE, 1) = 1
29367 <... futex resumed> )             = 0
29380 futex(0x263ca10, FUTEX_WAKE_PRIVATE, 1 <unfinished ...>
29367 futex(0x2777290, FUTEX_WAIT_BITSET_PRIVATE|FUTEX_CLOCK_REALTIME, 0, NULL, ffffffff <unfinished ...>
29380 <... futex resumed> )             = 1
29348 <... futex resumed> )             = 0
29380 futex(0x26dc840, FUTEX_WAKE_PRIVATE, 1 <unfinished ...>
29348 futex(0x7ff120001f14, FUTEX_WAKE_OP_PRIVATE, 1, 1, 0x7ff120001f10, {FUTEX_OP_SET, 0, FUTEX_OP_CMP_GT, 1} <unfinished ...>
13368 <... futex resumed> )             = 0
29380 <... futex resumed> )             = 1
29363 <... futex resumed> )             = 0
29348 <... futex resumed> )             = 1
13368 futex(0x7ff120001f40, FUTEX_WAKE_PRIVATE, 1 <unfinished ...>
29380 futex(0x2762f80, FUTEX_WAKE_PRIVATE, 1 <unfinished ...>
29363 futex(0x26dc840, FUTEX_WAIT_BITSET_PRIVATE|FUTEX_CLOCK_REALTIME, 0, NULL, ffffffff <unfinished ...>
29348 futex(0x263ca10, FUTEX_WAIT_BITSET_PRIVATE|FUTEX_CLOCK_REALTIME, 0, NULL, ffffffff <unfinished ...>
13368 <... futex resumed> )             = 0
29380 <... futex resumed> )             = 1
29366 <... futex resumed> )             = 0
13368 futex(0x263ca10, FUTEX_WAKE_PRIVATE, 1 <unfinished ...>
29380 futex(0x285df70, FUTEX_WAKE_PRIVATE, 1 <unfinished ...>
29366 futex(0x2762f80, FUTEX_WAIT_BITSET_PRIVATE|FUTEX_CLOCK_REALTIME, 0, NULL, ffffffff <unfinished ...>
13368 <... futex resumed> )             = 1
29384 <... futex resumed> )             = 0
29380 <... futex resumed> )             = 1
29348 <... futex resumed> )             = 0
13368 futex(0x7ff120001f14, FUTEX_WAIT_BITSET_PRIVATE|FUTEX_CLOCK_REALTIME, 7, {1504770597, 331449000}, ffffffff <unfinished ...>
29384 futex(0x285df70, FUTEX_WAIT_BITSET_PRIVATE|FUTEX_CLOCK_REALTIME, 0, NULL, ffffffff <unfinished ...>
29380 futex(0x2777290, FUTEX_WAKE_PRIVATE, 1 <unfinished ...>
29348 futex(0x263ca10, FUTEX_WAIT_BITSET_PRIVATE|FUTEX_CLOCK_REALTIME, 0, NULL, ffffffff <unfinished ...>
29380 <... futex resumed> )             = 1
29367 <... futex resumed> )             = 0
29380 futex(0x263ca10, FUTEX_WAKE_PRIVATE, 1 <unfinished ...>
29367 futex(0x2777290, FUTEX_WAIT_BITSET_PRIVATE|FUTEX_CLOCK_REALTIME, 0, NULL, ffffffff <unfinished ...>
29380 <... futex resumed> )             = 1
29348 <... futex resumed> )             = 0
29380 futex(0x26dc840, FUTEX_WAKE_PRIVATE, 1 <unfinished ...>
29348 futex(0x7ff120001f14, FUTEX_WAKE_OP_PRIVATE, 1, 1, 0x7ff120001f10, {FUTEX_OP_SET, 0, FUTEX_OP_CMP_GT, 1} <unfinished ...>
13368 <... futex resumed> )             = 0
29380 <... futex resumed> )             = 1
29363 <... futex resumed> )             = 0
29348 <... futex resumed> )             = 1
13368 futex(0x7ff120001f40, FUTEX_WAKE_PRIVATE, 1 <unfinished ...>
29380 futex(0x2762f80, FUTEX_WAKE_PRIVATE, 1 <unfinished ...>
29363 futex(0x26dc840, FUTEX_WAIT_BITSET_PRIVATE|FUTEX_CLOCK_REALTIME, 0, NULL, ffffffff <unfinished ...>
29348 futex(0x263ca10, FUTEX_WAIT_BITSET_PRIVATE|FUTEX_CLOCK_REALTIME, 0, NULL, ffffffff <unfinished ...>
13368 <... futex resumed> )             = 0
29380 <... futex resumed> )             = 1
29366 <... futex resumed> )             = 0
13368 futex(0x263ca10, FUTEX_WAKE_PRIVATE, 1 <unfinished ...>
29380 futex(0x285df70, FUTEX_WAKE_PRIVATE, 1 <unfinished ...>
29366 futex(0x2762f80, FUTEX_WAIT_BITSET_PRIVATE|FUTEX_CLOCK_REALTIME, 0, NULL, ffffffff <unfinished ...>
13368 <... futex resumed> )             = 1
29384 <... futex resumed> )             = 0
29380 <... futex resumed> )             = 1
29348 <... futex resumed> )             = 0
13368 futex(0x7ff120001f14, FUTEX_WAIT_BITSET_PRIVATE|FUTEX_CLOCK_REALTIME, 9, {1504770597, 331753000}, ffffffff <unfinished ...>
29384 futex(0x285df70, FUTEX_WAIT_BITSET_PRIVATE|FUTEX_CLOCK_REALTIME, 0, NULL, ffffffff <unfinished ...>
29380 futex(0x29db010, FUTEX_WAKE_PRIVATE, 1 <unfinished ...>
29348 futex(0x263ca10, FUTEX_WAIT_BITSET_PRIVATE|FUTEX_CLOCK_REALTIME, 0, NULL, ffffffff <unfinished ...>
29397 <... futex resumed> )             = 0
29380 <... futex resumed> )             = 1
29397 futex(0x29db010, FUTEX_WAIT_BITSET_PRIVATE|FUTEX_CLOCK_REALTIME, 0, NULL, ffffffff <unfinished ...>
29380 futex(0x2777290, FUTEX_WAKE_PRIVATE, 1) = 1
29367 <... futex resumed> )             = 0
29380 futex(0x263ca10, FUTEX_WAKE_PRIVATE, 1 <unfinished ...>
29367 futex(0x2777290, FUTEX_WAIT_BITSET_PRIVATE|FUTEX_CLOCK_REALTIME, 0, NULL, ffffffff <unfinished ...>
29380 <... futex resumed> )             = 1
29348 <... futex resumed> )             = 0
29380 sendto(11, "SIP/2.0 100 Trying\r\nVia: SIP/2.0/UDP 172.16.101.11;branch=z9hG4bK8f71.28030c13ceb4f2df41c444cfd204333c.0;received=172.16.101.11;rport=5060\r\nVia: SIP/2.0/UDP 212.125.239.7:5060;rport=5060;branch=z9hG4bKshbkjq1058718s0ol5k1.1\r\nRecord-Route: <sip:91.220.196.221:5060;lr=on>\r\nFrom: +4721638010 <sip:+4721638010@62.243.25.202:5060;user=phone>;tag=171879378\r\nTo: +4721058613 <sip:+4721058613@62.242.45.32:5060;user=phone>\r\nCall-ID: 364be7d4-cee631d-b3d4911-a279@62.243.25.202\r\nCSeq: 1 INVITE\r\nServer: Telefactory sip01\r\nAllow: INVITE, ACK, CANCEL, OPTIONS, BYE, REFER, SUBSCRIBE, NOTIFY, INFO, PUBLISH, MESSAGE\r\nSupported: replaces\r\nContact: <sip:+4721058613@172.16.101.10:5060>\r\nContent-Length: 0\r\n\r\n", 695, 0, {sa_family=AF_INET, sin_port=htons(5060), sin_addr=inet_addr("172.16.101.11")}, 16 <unfinished ...>
29348 futex(0x7ff120001f14, FUTEX_WAKE_OP_PRIVATE, 1, 1, 0x7ff120001f10, {FUTEX_OP_SET, 0, FUTEX_OP_CMP_GT, 1} <unfinished ...>
13368 <... futex resumed> )             = 0
29380 <... sendto resumed> )            = 695
29348 <... futex resumed> )             = 1
13368 futex(0x7ff120001f40, FUTEX_WAKE_PRIVATE, 1 <unfinished ...>
29380 futex(0x26dc840, FUTEX_WAKE_PRIVATE, 1 <unfinished ...>
29348 futex(0x263ca10, FUTEX_WAIT_BITSET_PRIVATE|FUTEX_CLOCK_REALTIME, 0, NULL, ffffffff <unfinished ...>
13368 <... futex resumed> )             = 0
29380 <... futex resumed> )             = 1
29363 <... futex resumed> )             = 0
13368 futex(0x263ca10, FUTEX_WAKE_PRIVATE, 1 <unfinished ...>
29380 futex(0x2762f80, FUTEX_WAKE_PRIVATE, 1 <unfinished ...>
29363 futex(0x26dc840, FUTEX_WAIT_BITSET_PRIVATE|FUTEX_CLOCK_REALTIME, 0, NULL, ffffffff <unfinished ...>
13368 <... futex resumed> )             = 1
29380 <... futex resumed> )             = 1
29366 <... futex resumed> )             = 0
29348 <... futex resumed> )             = 0
13368 futex(0x7ff120001f14, FUTEX_WAIT_BITSET_PRIVATE|FUTEX_CLOCK_REALTIME, 11, {1504770597, 332341000}, ffffffff <unfinished ...>
29380 futex(0x285df70, FUTEX_WAKE_PRIVATE, 1 <unfinished ...>
29366 futex(0x2762f80, FUTEX_WAIT_BITSET_PRIVATE|FUTEX_CLOCK_REALTIME, 0, NULL, ffffffff <unfinished ...>
29348 futex(0x263ca10, FUTEX_WAIT_BITSET_PRIVATE|FUTEX_CLOCK_REALTIME, 0, NULL, ffffffff <unfinished ...>
29384 <... futex resumed> )             = 0
29380 <... futex resumed> )             = 1
29384 futex(0x285df70, FUTEX_WAIT_BITSET_PRIVATE|FUTEX_CLOCK_REALTIME, 0, NULL, ffffffff <unfinished ...>
29380 futex(0x2777290, FUTEX_WAKE_PRIVATE, 1) = 1
29367 <... futex resumed> )             = 0
29380 futex(0x263ca10, FUTEX_WAKE_PRIVATE, 1 <unfinished ...>
29367 futex(0x2777290, FUTEX_WAIT_BITSET_PRIVATE|FUTEX_CLOCK_REALTIME, 0, NULL, ffffffff <unfinished ...>
29380 <... futex resumed> )             = 1
29348 <... futex resumed> )             = 0
29380 futex(0x26dc840, FUTEX_WAKE_PRIVATE, 1 <unfinished ...>
29348 futex(0x7ff120001f14, FUTEX_WAKE_OP_PRIVATE, 1, 1, 0x7ff120001f10, {FUTEX_OP_SET, 0, FUTEX_OP_CMP_GT, 1} <unfinished ...>
13368 <... futex resumed> )             = 0
29380 <... futex resumed> )             = 1
29363 <... futex resumed> )             = 0
29348 <... futex resumed> )             = 1
13368 futex(0x7ff120001f40, FUTEX_WAKE_PRIVATE, 1 <unfinished ...>
29380 futex(0x2762f80, FUTEX_WAKE_PRIVATE, 1 <unfinished ...>
29363 futex(0x26dc840, FUTEX_WAIT_BITSET_PRIVATE|FUTEX_CLOCK_REALTIME, 0, NULL, ffffffff <unfinished ...>
29348 futex(0x263ca10, FUTEX_WAIT_BITSET_PRIVATE|FUTEX_CLOCK_REALTIME, 0, NULL, ffffffff <unfinished ...>
13368 <... futex resumed> )             = 0
29380 <... futex resumed> )             = 1
29366 <... futex resumed> )             = 0
13368 futex(0x263ca10, FUTEX_WAKE_PRIVATE, 1 <unfinished ...>
29380 futex(0x285df70, FUTEX_WAKE_PRIVATE, 1 <unfinished ...>
29366 futex(0x2762f80, FUTEX_WAIT_BITSET_PRIVATE|FUTEX_CLOCK_REALTIME, 0, NULL, ffffffff <unfinished ...>
13368 <... futex resumed> )             = 1
29384 <... futex resumed> )             = 0
29380 <... futex resumed> )             = 1
29348 <... futex resumed> )             = 0
13368 futex(0x7ff120001f14, FUTEX_WAIT_BITSET_PRIVATE|FUTEX_CLOCK_REALTIME, 13, {1504770597, 332710000}, ffffffff <unfinished ...>
29384 futex(0x285df70, FUTEX_WAIT_BITSET_PRIVATE|FUTEX_CLOCK_REALTIME, 0, NULL, ffffffff <unfinished ...>
29380 futex(0x29db010, FUTEX_WAKE_PRIVATE, 1 <unfinished ...>
29348 futex(0x263ca10, FUTEX_WAIT_BITSET_PRIVATE|FUTEX_CLOCK_REALTIME, 0, NULL, ffffffff <unfinished ...>
29397 <... futex resumed> )             = 0
29380 <... futex resumed> )             = 1
29397 futex(0x29db010, FUTEX_WAIT_BITSET_PRIVATE|FUTEX_CLOCK_REALTIME, 0, NULL, ffffffff <unfinished ...>
29380 futex(0x2777290, FUTEX_WAKE_PRIVATE, 1) = 1
29367 <... futex resumed> )             = 0
29380 futex(0x263ca10, FUTEX_WAKE_PRIVATE, 1 <unfinished ...>
29367 futex(0x2777290, FUTEX_WAIT_BITSET_PRIVATE|FUTEX_CLOCK_REALTIME, 0, NULL, ffffffff <unfinished ...>
29380 <... futex resumed> )             = 1
29348 <... futex resumed> )             = 0
29380 futex(0x8ff6e4, FUTEX_WAKE_OP_PRIVATE, 1, 1, 0x8ff6e0, {FUTEX_OP_SET, 0, FUTEX_OP_CMP_GT, 1} <unfinished ...>
29348 futex(0x7ff120001f14, FUTEX_WAKE_OP_PRIVATE, 1, 1, 0x7ff120001f10, {FUTEX_OP_SET, 0, FUTEX_OP_CMP_GT, 1} <unfinished ...>
13368 <... futex resumed> )             = 0
29380 <... futex resumed> )             = 1
29359 <... futex resumed> )             = 0
29348 <... futex resumed> )             = 1
13368 futex(0x7ff120001f40, FUTEX_WAKE_PRIVATE, 1 <unfinished ...>
29380 futex(0x8e25b0, FUTEX_WAKE_PRIVATE, 1 <unfinished ...>
29359 futex(0x8e25b0, FUTEX_WAIT_PRIVATE, 2, NULL <unfinished ...>
29348 futex(0x263ca10, FUTEX_WAIT_BITSET_PRIVATE|FUTEX_CLOCK_REALTIME, 0, NULL, ffffffff <unfinished ...>
13368 <... futex resumed> )             = 0
29380 <... futex resumed> )             = 0
29359 <... futex resumed> )             = -1 EAGAIN (Resource temporarily unavailable)
13368 futex(0x263ca10, FUTEX_WAKE_PRIVATE, 1 <unfinished ...>
29380 clone( <unfinished ...>
29359 futex(0x8e25b0, FUTEX_WAKE_PRIVATE, 1 <unfinished ...>
13368 <... futex resumed> )             = 1
29359 <... futex resumed> )             = 0
29348 <... futex resumed> )             = 0
13369 set_robust_list(0x7ff1339869e0, 24 <unfinished ...>
13368 futex(0x7ff120001f14, FUTEX_WAIT_BITSET_PRIVATE|FUTEX_CLOCK_REALTIME, 15, {1504770597, 333175000}, ffffffff <unfinished ...>
29380 <... clone resumed> child_stack=0x7ff133985f70, flags=CLONE_VM|CLONE_FS|CLONE_FILES|CLONE_SIGHAND|CLONE_THREAD|CLONE_SYSVSEM|CLONE_SETTLS|CLONE_PARENT_SETTID|CLONE_CHILD_CLEARTID, parent_tidptr=0x7ff1339869d0, tls=0x7ff133986700, child_tidptr=0x7ff1339869d0) = 13369
29359 futex(0x2680770, FUTEX_WAKE_PRIVATE, 1 <unfinished ...>
29348 futex(0x263ca10, FUTEX_WAIT_BITSET_PRIVATE|FUTEX_CLOCK_REALTIME, 0, NULL, ffffffff <unfinished ...>
13369 <... set_robust_list resumed> )   = 0
29380 futex(0x2762f80, FUTEX_WAKE_PRIVATE, 1 <unfinished ...>
29359 <... futex resumed> )             = 1
29351 <... futex resumed> )             = 0
13369 gettid( <unfinished ...>
29380 <... futex resumed> )             = 1
29366 <... futex resumed> )             = 0
29359 futex(0x26f4d90, FUTEX_WAKE_PRIVATE, 1 <unfinished ...>
29351 futex(0x2680770, FUTEX_WAIT_BITSET_PRIVATE|FUTEX_CLOCK_REALTIME, 0, NULL, ffffffff <unfinished ...>
13369 <... gettid resumed> )            = 13369
29380 futex(0x284e870, FUTEX_WAKE_PRIVATE, 1 <unfinished ...>
29366 futex(0x2762f80, FUTEX_WAIT_BITSET_PRIVATE|FUTEX_CLOCK_REALTIME, 0, NULL, ffffffff <unfinished ...>
29364 <... futex resumed> )             = 0
29359 <... futex resumed> )             = 1
13369 futex(0x7ff118010820, FUTEX_WAIT_PRIVATE, 2, NULL <unfinished ...>
29388 <... futex resumed> )             = 0
29380 <... futex resumed> )             = 1
29364 futex(0x26f4d90, FUTEX_WAIT_BITSET_PRIVATE|FUTEX_CLOCK_REALTIME, 0, NULL, ffffffff <unfinished ...>
29359 futex(0x2762f80, FUTEX_WAKE_PRIVATE, 1 <unfinished ...>
13369 <... futex resumed> )             = -1 EAGAIN (Resource temporarily unavailable)
29388 gettid( <unfinished ...>
29380 futex(0x7ff118010820, FUTEX_WAKE_PRIVATE, 1 <unfinished ...>
29366 <... futex resumed> )             = 0
29359 <... futex resumed> )             = 1
13369 futex(0x7ff118010820, FUTEX_WAKE_PRIVATE, 1 <unfinished ...>
29388 <... gettid resumed> )            = 29388
29380 <... futex resumed> )             = 0
29366 futex(0x2762f80, FUTEX_WAIT_BITSET_PRIVATE|FUTEX_CLOCK_REALTIME, 0, NULL, ffffffff <unfinished ...>
29359 futex(0x29cb7d0, FUTEX_WAKE_PRIVATE, 1 <unfinished ...>
13369 <... futex resumed> )             = 0
29396 <... futex resumed> )             = 0
29388 futex(0x8ffa24, FUTEX_WAKE_OP_PRIVATE, 1, 1, 0x8ffa20, {FUTEX_OP_SET, 0, FUTEX_OP_CMP_GT, 1} <unfinished ...>
29380 poll([{fd=11, events=POLLIN}], 1, 1000 <unfinished ...>
29359 <... futex resumed> )             = 1
13369 futex(0x8e4a90, FUTEX_WAIT_PRIVATE, 2, NULL <unfinished ...>
29396 futex(0x29cb7d0, FUTEX_WAIT_BITSET_PRIVATE|FUTEX_CLOCK_REALTIME, 0, NULL, ffffffff <unfinished ...>
29388 <... futex resumed> )             = 1
29359 futex(0x8ff6e4, FUTEX_WAIT_PRIVATE, 2549, NULL <unfinished ...>
29350 <... futex resumed> )             = 0
13369 <... futex resumed> )             = -1 EAGAIN (Resource temporarily unavailable)
29388 futex(0x8e4a90, FUTEX_WAKE_PRIVATE, 1 <unfinished ...>
29350 futex(0x8e4a90, FUTEX_WAIT_PRIVATE, 2, NULL <unfinished ...>
13369 futex(0x8e4a90, FUTEX_WAKE_PRIVATE, 1 <unfinished ...>
29388 <... futex resumed> )             = 0
29350 <... futex resumed> )             = -1 EAGAIN (Resource temporarily unavailable)
13369 <... futex resumed> )             = 0
29388 futex(0x284e870, FUTEX_WAIT_BITSET_PRIVATE|FUTEX_CLOCK_REALTIME, 0, NULL, ffffffff <unfinished ...>
29350 futex(0x8e4a90, FUTEX_WAKE_PRIVATE, 1 <unfinished ...>
13369 gettid( <unfinished ...>
29350 <... futex resumed> )             = 0
13369 <... gettid resumed> )            = 13369
29350 futex(0x8ffa24, FUTEX_WAIT_PRIVATE, 11021, NULL <unfinished ...>
13369 futex(0x8ffa24, FUTEX_WAKE_OP_PRIVATE, 1, 1, 0x8ffa20, {FUTEX_OP_SET, 0, FUTEX_OP_CMP_GT, 1}) = 1
29350 <... futex resumed> )             = 0
13369 futex(0x8e4a90, FUTEX_WAKE_PRIVATE, 1 <unfinished ...>
29350 futex(0x8e4a90, FUTEX_WAIT_PRIVATE, 2, NULL <unfinished ...>
13369 <... futex resumed> )             = 0
29350 <... futex resumed> )             = -1 EAGAIN (Resource temporarily unavailable)
13369 futex(0x26dc840, FUTEX_WAKE_PRIVATE, 1 <unfinished ...>
29350 futex(0x8e4a90, FUTEX_WAKE_PRIVATE, 1 <unfinished ...>
13369 <... futex resumed> )             = 1
29363 <... futex resumed> )             = 0
29350 <... futex resumed> )             = 0
13369 futex(0x2762f80, FUTEX_WAKE_PRIVATE, 1 <unfinished ...>
29363 futex(0x26dc840, FUTEX_WAIT_BITSET_PRIVATE|FUTEX_CLOCK_REALTIME, 0, NULL, ffffffff <unfinished ...>
29350 write(6, "[Sep  7 09:49:37] VERBOSE[13369][C-00000148] pbx.c: Executing [+4721058613@p-sbc01:1] Wait(\"SIP/p-sbc01-00000202\", \"1\") in new stack\n", 133 <unfinished ...>
13369 <... futex resumed> )             = 1
29366 <... futex resumed> )             = 0
29350 <... write resumed> )             = 133
13369 futex(0x285df70, FUTEX_WAKE_PRIVATE, 1 <unfinished ...>
29366 futex(0x2762f80, FUTEX_WAIT_BITSET_PRIVATE|FUTEX_CLOCK_REALTIME, 0, NULL, ffffffff <unfinished ...>
29350 write(1, "\33[1;30m    -- \33[0mExecuting [+4721058613@p-sbc01:1] \33[1;36mWait\33[0m(\"\33[1;35mSIP/p-sbc01-00000202\33[0m\", \"\33[1;35m1\33[0m\") in new stack\n", 132 <unfinished ...>
13369 <... futex resumed> )             = 1
29384 <... futex resumed> )             = 0
29350 <... write resumed> )             = 132
13369 futex(0x2777290, FUTEX_WAKE_PRIVATE, 1 <unfinished ...>
29384 futex(0x285df70, FUTEX_WAIT_BITSET_PRIVATE|FUTEX_CLOCK_REALTIME, 0, NULL, ffffffff <unfinished ...>
29350 write(24, "\374Executing [+4721058613@p-sbc01:1] \33[1;36mWait\33[0m(\"\33[1;35mSIP/p-sbc01-00000202\33[0m\", \"\33[1;35m1\33[0m\") in new stack\n", 115 <unfinished ...>
13369 <... futex resumed> )             = 1
472   <... poll resumed> )              = 1 ([{fd=22, revents=POLLIN}])
29367 <... futex resumed> )             = 0
29350 <... write resumed> )             = 115
13369 futex(0x263ca10, FUTEX_WAKE_PRIVATE, 1 <unfinished ...>
472   read(22,  <unfinished ...>
29367 futex(0x2777290, FUTEX_WAIT_BITSET_PRIVATE|FUTEX_CLOCK_REALTIME, 0, NULL, ffffffff <unfinished ...>
29350 futex(0x8ffa24, FUTEX_WAIT_PRIVATE, 11023, NULL <unfinished ...>
